Archive member included to satisfy reference by file (symbol)

c:/ac6/systemworkbench/plugins/fr.ac6.mcu.externaltools.arm-none.win32_1.17.0.201812190825/tools/compiler/bin/../lib/gcc/arm-none-eabi/7.3.1/thumb/v7e-m/fpv4-sp/hard\libgcc.a(_aeabi_uldivmod.o)
                              Drivers/STM32F4xx_HAL_Driver/Src/stm32f4xx_hal_rcc.o (__aeabi_uldivmod)
c:/ac6/systemworkbench/plugins/fr.ac6.mcu.externaltools.arm-none.win32_1.17.0.201812190825/tools/compiler/bin/../lib/gcc/arm-none-eabi/7.3.1/thumb/v7e-m/fpv4-sp/hard\libgcc.a(_udivmoddi4.o)
                              c:/ac6/systemworkbench/plugins/fr.ac6.mcu.externaltools.arm-none.win32_1.17.0.201812190825/tools/compiler/bin/../lib/gcc/arm-none-eabi/7.3.1/thumb/v7e-m/fpv4-sp/hard\libgcc.a(_aeabi_uldivmod.o) (__udivmoddi4)
c:/ac6/systemworkbench/plugins/fr.ac6.mcu.externaltools.arm-none.win32_1.17.0.201812190825/tools/compiler/bin/../lib/gcc/arm-none-eabi/7.3.1/thumb/v7e-m/fpv4-sp/hard\libgcc.a(_dvmd_tls.o)
                              c:/ac6/systemworkbench/plugins/fr.ac6.mcu.externaltools.arm-none.win32_1.17.0.201812190825/tools/compiler/bin/../lib/gcc/arm-none-eabi/7.3.1/thumb/v7e-m/fpv4-sp/hard\libgcc.a(_aeabi_uldivmod.o) (__aeabi_ldiv0)
c:/ac6/systemworkbench/plugins/fr.ac6.mcu.externaltools.arm-none.win32_1.17.0.201812190825/tools/compiler/bin/../lib/gcc/arm-none-eabi/7.3.1/../../../../arm-none-eabi/lib/thumb/v7e-m/fpv4-sp/hard\libc_nano.a(lib_a-errno.o)
                              Core/Src/syscalls.o (__errno)
c:/ac6/systemworkbench/plugins/fr.ac6.mcu.externaltools.arm-none.win32_1.17.0.201812190825/tools/compiler/bin/../lib/gcc/arm-none-eabi/7.3.1/../../../../arm-none-eabi/lib/thumb/v7e-m/fpv4-sp/hard\libc_nano.a(lib_a-exit.o)
                              c:/ac6/systemworkbench/plugins/fr.ac6.mcu.externaltools.arm-none.win32_1.17.0.201812190825/tools/compiler/bin/../lib/gcc/arm-none-eabi/7.3.1/../../../../arm-none-eabi/lib/thumb/v7e-m/fpv4-sp/hard/crt0.o (exit)
c:/ac6/systemworkbench/plugins/fr.ac6.mcu.externaltools.arm-none.win32_1.17.0.201812190825/tools/compiler/bin/../lib/gcc/arm-none-eabi/7.3.1/../../../../arm-none-eabi/lib/thumb/v7e-m/fpv4-sp/hard\libc_nano.a(lib_a-impure.o)
                              c:/ac6/systemworkbench/plugins/fr.ac6.mcu.externaltools.arm-none.win32_1.17.0.201812190825/tools/compiler/bin/../lib/gcc/arm-none-eabi/7.3.1/../../../../arm-none-eabi/lib/thumb/v7e-m/fpv4-sp/hard\libc_nano.a(lib_a-exit.o) (_global_impure_ptr)
c:/ac6/systemworkbench/plugins/fr.ac6.mcu.externaltools.arm-none.win32_1.17.0.201812190825/tools/compiler/bin/../lib/gcc/arm-none-eabi/7.3.1/../../../../arm-none-eabi/lib/thumb/v7e-m/fpv4-sp/hard\libc_nano.a(lib_a-init.o)
                              c:/ac6/systemworkbench/plugins/fr.ac6.mcu.externaltools.arm-none.win32_1.17.0.201812190825/tools/compiler/bin/../lib/gcc/arm-none-eabi/7.3.1/../../../../arm-none-eabi/lib/thumb/v7e-m/fpv4-sp/hard/crt0.o (__libc_init_array)
c:/ac6/systemworkbench/plugins/fr.ac6.mcu.externaltools.arm-none.win32_1.17.0.201812190825/tools/compiler/bin/../lib/gcc/arm-none-eabi/7.3.1/../../../../arm-none-eabi/lib/thumb/v7e-m/fpv4-sp/hard\libc_nano.a(lib_a-memcpy-stub.o)
                              Comunications/frame_coder.o (memcpy)
c:/ac6/systemworkbench/plugins/fr.ac6.mcu.externaltools.arm-none.win32_1.17.0.201812190825/tools/compiler/bin/../lib/gcc/arm-none-eabi/7.3.1/../../../../arm-none-eabi/lib/thumb/v7e-m/fpv4-sp/hard\libc_nano.a(lib_a-memset.o)
                              c:/ac6/systemworkbench/plugins/fr.ac6.mcu.externaltools.arm-none.win32_1.17.0.201812190825/tools/compiler/bin/../lib/gcc/arm-none-eabi/7.3.1/../../../../arm-none-eabi/lib/thumb/v7e-m/fpv4-sp/hard/crt0.o (memset)
c:/ac6/systemworkbench/plugins/fr.ac6.mcu.externaltools.arm-none.win32_1.17.0.201812190825/tools/compiler/bin/../lib/gcc/arm-none-eabi/7.3.1/../../../../arm-none-eabi/lib/thumb/v7e-m/fpv4-sp/hard\libc_nano.a(lib_a-sprintf.o)
                              Core/Src/main.o (sprintf)
c:/ac6/systemworkbench/plugins/fr.ac6.mcu.externaltools.arm-none.win32_1.17.0.201812190825/tools/compiler/bin/../lib/gcc/arm-none-eabi/7.3.1/../../../../arm-none-eabi/lib/thumb/v7e-m/fpv4-sp/hard\libc_nano.a(lib_a-nano-svfprintf.o)
                              c:/ac6/systemworkbench/plugins/fr.ac6.mcu.externaltools.arm-none.win32_1.17.0.201812190825/tools/compiler/bin/../lib/gcc/arm-none-eabi/7.3.1/../../../../arm-none-eabi/lib/thumb/v7e-m/fpv4-sp/hard\libc_nano.a(lib_a-sprintf.o) (_svfprintf_r)
c:/ac6/systemworkbench/plugins/fr.ac6.mcu.externaltools.arm-none.win32_1.17.0.201812190825/tools/compiler/bin/../lib/gcc/arm-none-eabi/7.3.1/../../../../arm-none-eabi/lib/thumb/v7e-m/fpv4-sp/hard\libc_nano.a(lib_a-nano-vfprintf_i.o)
                              c:/ac6/systemworkbench/plugins/fr.ac6.mcu.externaltools.arm-none.win32_1.17.0.201812190825/tools/compiler/bin/../lib/gcc/arm-none-eabi/7.3.1/../../../../arm-none-eabi/lib/thumb/v7e-m/fpv4-sp/hard\libc_nano.a(lib_a-nano-svfprintf.o) (_printf_i)
[...]
Memory Configuration

Name             Origin             Length             Attributes
RAM              0x20000000         0x00020000         xrw
FLASH            0x08000000         0x00080000         xr
*default*        0x00000000         0xffffffff

Linker script and memory map

LOAD c:/ac6/systemworkbench/plugins/fr.ac6.mcu.externaltools.arm-none.win32_1.17.0.201812190825/tools/compiler/bin/../lib/gcc/arm-none-eabi/7.3.1/thumb/v7e-m/fpv4-sp/hard/crti.o
LOAD c:/ac6/systemworkbench/plugins/fr.ac6.mcu.externaltools.arm-none.win32_1.17.0.201812190825/tools/compiler/bin/../lib/gcc/arm-none-eabi/7.3.1/thumb/v7e-m/fpv4-sp/hard/crtbegin.o
LOAD c:/ac6/systemworkbench/plugins/fr.ac6.mcu.externaltools.arm-none.win32_1.17.0.201812190825/tools/compiler/bin/../lib/gcc/arm-none-eabi/7.3.1/../../../../arm-none-eabi/lib/thumb/v7e-m/fpv4-sp/hard/crt0.o
LOAD Comunications/frame_coder.o
LOAD Comunications/frame_decoder.o
LOAD Core/Src/main.o
LOAD Core/Src/stm32f4xx_hal_msp.o
LOAD Core/Src/stm32f4xx_it.o
LOAD Core/Src/syscalls.o
LOAD Core/Src/system_stm32f4xx.o
LOAD DFPlayer/DFPlayer.o
LOAD Drivers/STM32F4xx_HAL_Driver/Src/stm32f4xx_hal.o
LOAD Drivers/STM32F4xx_HAL_Driver/Src/stm32f4xx_hal_cortex.o
LOAD Drivers/STM32F4xx_HAL_Driver/Src/stm32f4xx_hal_dma.o
LOAD Drivers/STM32F4xx_HAL_Driver/Src/stm32f4xx_hal_dma_ex.o
LOAD Drivers/STM32F4xx_HAL_Driver/Src/stm32f4xx_hal_exti.o
LOAD Drivers/STM32F4xx_HAL_Driver/Src/stm32f4xx_hal_flash.o
LOAD Drivers/STM32F4xx_HAL_Driver/Src/stm32f4xx_hal_flash_ex.o
LOAD Drivers/STM32F4xx_HAL_Driver/Src/stm32f4xx_hal_flash_ramfunc.o
LOAD Drivers/STM32F4xx_HAL_Driver/Src/stm32f4xx_hal_gpio.o
LOAD Drivers/STM32F4xx_HAL_Driver/Src/stm32f4xx_hal_pwr.o
LOAD Drivers/STM32F4xx_HAL_Driver/Src/stm32f4xx_hal_pwr_ex.o
LOAD Drivers/STM32F4xx_HAL_Driver/Src/stm32f4xx_hal_rcc.o
LOAD Drivers/STM32F4xx_HAL_Driver/Src/stm32f4xx_hal_rcc_ex.o
LOAD Drivers/STM32F4xx_HAL_Driver/Src/stm32f4xx_hal_rtc.o
LOAD Drivers/STM32F4xx_HAL_Driver/Src/stm32f4xx_hal_rtc_ex.o
LOAD Drivers/STM32F4xx_HAL_Driver/Src/stm32f4xx_hal_tim.o
LOAD Drivers/STM32F4xx_HAL_Driver/Src/stm32f4xx_hal_tim_ex.o
LOAD Drivers/STM32F4xx_HAL_Driver/Src/stm32f4xx_hal_uart.o
LOAD startup/startup_stm32f411xe.o
LOAD c:/ac6/systemworkbench/plugins/fr.ac6.mcu.externaltools.arm-none.win32_1.17.0.201812190825/tools/compiler/bin/../lib/gcc/arm-none-eabi/7.3.1/../../../../arm-none-eabi/lib/thumb/v7e-m/fpv4-sp/hard\libm.a
START GROUP
LOAD c:/ac6/systemworkbench/plugins/fr.ac6.mcu.externaltools.arm-none.win32_1.17.0.201812190825/tools/compiler/bin/../lib/gcc/arm-none-eabi/7.3.1/thumb/v7e-m/fpv4-sp/hard\libgcc.a
LOAD c:/ac6/systemworkbench/plugins/fr.ac6.mcu.externaltools.arm-none.win32_1.17.0.201812190825/tools/compiler/bin/../lib/gcc/arm-none-eabi/7.3.1/../../../../arm-none-eabi/lib/thumb/v7e-m/fpv4-sp/hard\libc_nano.a
END GROUP
START GROUP
LOAD c:/ac6/systemworkbench/plugins/fr.ac6.mcu.externaltools.arm-none.win32_1.17.0.201812190825/tools/compiler/bin/../lib/gcc/arm-none-eabi/7.3.1/thumb/v7e-m/fpv4-sp/hard\libgcc.a
LOAD c:/ac6/systemworkbench/plugins/fr.ac6.mcu.externaltools.arm-none.win32_1.17.0.201812190825/tools/compiler/bin/../lib/gcc/arm-none-eabi/7.3.1/../../../../arm-none-eabi/lib/thumb/v7e-m/fpv4-sp/hard\libc_nano.a
LOAD c:/ac6/systemworkbench/plugins/fr.ac6.mcu.externaltools.arm-none.win32_1.17.0.201812190825/tools/compiler/bin/../lib/gcc/arm-none-eabi/7.3.1/../../../../arm-none-eabi/lib/thumb/v7e-m/fpv4-sp/hard\libnosys.a
END GROUP
START GROUP
LOAD c:/ac6/systemworkbench/plugins/fr.ac6.mcu.externaltools.arm-none.win32_1.17.0.201812190825/tools/compiler/bin/../lib/gcc/arm-none-eabi/7.3.1/thumb/v7e-m/fpv4-sp/hard\libgcc.a
LOAD c:/ac6/systemworkbench/plugins/fr.ac6.mcu.externaltools.arm-none.win32_1.17.0.201812190825/tools/compiler/bin/../lib/gcc/arm-none-eabi/7.3.1/../../../../arm-none-eabi/lib/thumb/v7e-m/fpv4-sp/hard\libc_nano.a
LOAD c:/ac6/systemworkbench/plugins/fr.ac6.mcu.externaltools.arm-none.win32_1.17.0.201812190825/tools/compiler/bin/../lib/gcc/arm-none-eabi/7.3.1/../../../../arm-none-eabi/lib/thumb/v7e-m/fpv4-sp/hard\libnosys.a
END GROUP
LOAD c:/ac6/systemworkbench/plugins/fr.ac6.mcu.externaltools.arm-none.win32_1.17.0.201812190825/tools/compiler/bin/../lib/gcc/arm-none-eabi/7.3.1/thumb/v7e-m/fpv4-sp/hard/crtend.o
LOAD c:/ac6/systemworkbench/plugins/fr.ac6.mcu.externaltools.arm-none.win32_1.17.0.201812190825/tools/compiler/bin/../lib/gcc/arm-none-eabi/7.3.1/thumb/v7e-m/fpv4-sp/hard/crtn.o
                0x20020000                _estack = 0x20020000
                0x00000200                _Min_Heap_Size = 0x200
                0x00000400                _Min_Stack_Size = 0x400

.isr_vector     0x08000000      0x198
                0x08000000                . = ALIGN (0x4)
 *(.isr_vector)
 .isr_vector    0x08000000      0x198 startup/startup_stm32f411xe.o
                0x08000000                g_pfnVectors
                0x08000198                . = ALIGN (0x4)

.text           0x080001a0     0x29b4
                0x080001a0                . = ALIGN (0x4)
 *(.text)
 .text          0x080001a0       0x40 c:/ac6/systemworkbench/plugins/fr.ac6.mcu.externaltools.arm-none.win32_1.17.0.201812190825/tools/compiler/bin/../lib/gcc/arm-none-eabi/7.3.1/thumb/v7e-m/fpv4-sp/hard/crtbegin.o
 .text          0x080001e0       0x30 c:/ac6/systemworkbench/plugins/fr.ac6.mcu.externaltools.arm-none.win32_1.17.0.201812190825/tools/compiler/bin/../lib/gcc/arm-none-eabi/7.3.1/thumb/v7e-m/fpv4-sp/hard\libgcc.a(_aeabi_uldivmod.o)
                0x080001e0                __aeabi_uldivmod
 .text          0x08000210      0x2cc c:/ac6/systemworkbench/plugins/fr.ac6.mcu.externaltools.arm-none.win32_1.17.0.201812190825/tools/compiler/bin/../lib/gcc/arm-none-eabi/7.3.1/thumb/v7e-m/fpv4-sp/hard\libgcc.a(_udivmoddi4.o)
                0x08000210                __udivmoddi4
 .text          0x080004dc        0x4 c:/ac6/systemworkbench/plugins/fr.ac6.mcu.externaltools.arm-none.win32_1.17.0.201812190825/tools/compiler/bin/../lib/gcc/arm-none-eabi/7.3.1/thumb/v7e-m/fpv4-sp/hard\libgcc.a(_dvmd_tls.o)
                0x080004dc                __aeabi_idiv0
                0x080004dc                __aeabi_ldiv0
 .text          0x080004e0       0xa0 c:/ac6/systemworkbench/plugins/fr.ac6.mcu.externaltools.arm-none.win32_1.17.0.201812190825/tools/compiler/bin/../lib/gcc/arm-none-eabi/7.3.1/../../../../arm-none-eabi/lib/thumb/v7e-m/fpv4-sp/hard\libc_nano.a(lib_a-memchr.o)
                0x080004e0                memchr
 *(.text*)
 .text.send_frame
                0x08000580       0x18 Comunications/frame_coder.o
                0x08000580                send_frame
 .text.checksum
                0x08000598       0x20 Comunications/frame_coder.o
                0x08000598                checksum
 .text.put_hora
                0x080005b8        0xc Comunications/frame_coder.o
                0x080005b8                put_hora
 .text.put_minuto
                0x080005c4        0xc Comunications/frame_coder.o
                0x080005c4                put_minuto
 .text.put_command
                0x080005d0        0xc Comunications/frame_coder.o
                0x080005d0                put_command
 .text.put_data
                0x080005dc       0x10 Comunications/frame_coder.o
                0x080005dc                put_data
 .text.send_frame_complete
                0x080005ec       0x14 Comunications/frame_coder.o
                0x080005ec                send_frame_complete
 .text.MX_GPIO_Init
                0x08000600       0x38 Core/Src/main.o
 .text.USART2_IRQHandler
                0x08000638       0x10 Core/Src/main.o
                0x08000638                USART2_IRQHandler
 .text.HAL_UART_RxCpltCallback
                0x08000648       0x34 Core/Src/main.o
                0x08000648                HAL_UART_RxCpltCallback
 .text.Error_Handler
                0x0800067c        0x4 Core/Src/main.o
                0x0800067c                Error_Handler
 .text.MX_USART2_UART_Init
                0x08000680       0x34 Core/Src/main.o
 .text.MX_USART1_UART_Init
                0x080006b4       0x34 Core/Src/main.o
 .text.MX_RTC_Init
                0x080006e8       0x8c Core/Src/main.o
 .text.SystemClock_Config
                0x08000774       0xac Core/Src/main.o
                0x08000774                SystemClock_Config
 .text.main     0x08000820      0x108 Core/Src/main.o
                0x08000820                main
 .text.HAL_MspInit
                0x08000928       0x38 Core/Src/stm32f4xx_hal_msp.o
                0x08000928                HAL_MspInit
 .text.HAL_RTC_MspInit
                0x08000960       0x1c Core/Src/stm32f4xx_hal_msp.o
                0x08000960                HAL_RTC_MspInit
 .text.HAL_UART_MspInit
                0x0800097c       0xec Core/Src/stm32f4xx_hal_msp.o
                0x0800097c                HAL_UART_MspInit
 .text.NMI_Handler
                0x08000a68        0x2 Core/Src/stm32f4xx_it.o
                0x08000a68                NMI_Handler
 .text.HardFault_Handler
                0x08000a6a        0x2 Core/Src/stm32f4xx_it.o
                0x08000a6a                HardFault_Handler
 .text.MemManage_Handler
                0x08000a6c        0x2 Core/Src/stm32f4xx_it.o
                0x08000a6c                MemManage_Handler
 .text.BusFault_Handler
                0x08000a6e        0x2 Core/Src/stm32f4xx_it.o
                0x08000a6e                BusFault_Handler
 .text.UsageFault_Handler
                0x08000a70        0x2 Core/Src/stm32f4xx_it.o
                0x08000a70                UsageFault_Handler
 .text.SVC_Handler
                0x08000a72        0x2 Core/Src/stm32f4xx_it.o
                0x08000a72                SVC_Handler
 .text.DebugMon_Handler
                0x08000a74        0x2 Core/Src/stm32f4xx_it.o
                0x08000a74                DebugMon_Handler
 .text.PendSV_Handler
                0x08000a76        0x2 Core/Src/stm32f4xx_it.o
                0x08000a76                PendSV_Handler
 .text.SysTick_Handler
                0x08000a78        0x8 Core/Src/stm32f4xx_it.o
                0x08000a78                SysTick_Handler
 .text._sbrk    0x08000a80       0x3c Core/Src/syscalls.o
                0x08000a80                _sbrk
 .text.SystemInit
                0x08000abc       0x14 Core/Src/system_stm32f4xx.o
                0x08000abc                SystemInit
 .text.fill_uint16_bigend
                0x08000ad0        0x8 DFPlayer/DFPlayer.o
                0x08000ad0                fill_uint16_bigend
 .text.mp3_get_checksum
                0x08000ad8       0x18 DFPlayer/DFPlayer.o
                0x08000ad8                mp3_get_checksum
 .text.mp3_fill_checksum
                0x08000af0       0x18 DFPlayer/DFPlayer.o
                0x08000af0                mp3_fill_checksum
 .text.send_func
                0x08000b08       0x1c DFPlayer/DFPlayer.o
                0x08000b08                send_func
 .text.mp3_send_cmd_arg
                0x08000b24       0x1c DFPlayer/DFPlayer.o
                0x08000b24                mp3_send_cmd_arg
 .text.mp3_play_physical_num
                0x08000b40        0xc DFPlayer/DFPlayer.o
                0x08000b40                mp3_play_physical_num
 .text.HAL_InitTick
                0x08000b4c       0x48 Drivers/STM32F4xx_HAL_Driver/Src/stm32f4xx_hal.o
                0x08000b4c                HAL_InitTick
 .text.HAL_Init
                0x08000b94       0x34 Drivers/STM32F4xx_HAL_Driver/Src/stm32f4xx_hal.o
                0x08000b94                HAL_Init
 .text.HAL_IncTick
                0x08000bc8       0x18 Drivers/STM32F4xx_HAL_Driver/Src/stm32f4xx_hal.o
                0x08000bc8                HAL_IncTick
 .text.HAL_GetTick
                0x08000be0        0xc Drivers/STM32F4xx_HAL_Driver/Src/stm32f4xx_hal.o
                0x08000be0                HAL_GetTick
 .text.HAL_Delay
                0x08000bec       0x28 Drivers/STM32F4xx_HAL_Driver/Src/stm32f4xx_hal.o
                0x08000bec                HAL_Delay
 .text.HAL_NVIC_SetPriorityGrouping
                0x08000c14       0x24 Drivers/STM32F4xx_HAL_Driver/Src/stm32f4xx_hal_cortex.o
                0x08000c14                HAL_NVIC_SetPriorityGrouping
 .text.HAL_NVIC_SetPriority
                0x08000c38       0x68 Drivers/STM32F4xx_HAL_Driver/Src/stm32f4xx_hal_cortex.o
                0x08000c38                HAL_NVIC_SetPriority
 .text.HAL_NVIC_EnableIRQ
                0x08000ca0       0x1c Drivers/STM32F4xx_HAL_Driver/Src/stm32f4xx_hal_cortex.o
                0x08000ca0                HAL_NVIC_EnableIRQ
 .text.HAL_SYSTICK_Config
                0x08000cbc       0x2c Drivers/STM32F4xx_HAL_Driver/Src/stm32f4xx_hal_cortex.o
                0x08000cbc                HAL_SYSTICK_Config
 .text.HAL_DMA_Abort
                0x08000ce8       0x94 Drivers/STM32F4xx_HAL_Driver/Src/stm32f4xx_hal_dma.o
                0x08000ce8                HAL_DMA_Abort
 .text.HAL_DMA_Abort_IT
                0x08000d7c       0x26 Drivers/STM32F4xx_HAL_Driver/Src/stm32f4xx_hal_dma.o
                0x08000d7c                HAL_DMA_Abort_IT
 *fill*         0x08000da2        0x2 
 .text.HAL_GPIO_Init
                0x08000da4      0x1b0 Drivers/STM32F4xx_HAL_Driver/Src/stm32f4xx_hal_gpio.o
                0x08000da4                HAL_GPIO_Init
 .text.HAL_RCC_OscConfig
                0x08000f54      0x3f8 Drivers/STM32F4xx_HAL_Driver/Src/stm32f4xx_hal_rcc.o
                0x08000f54                HAL_RCC_OscConfig
 .text.HAL_RCC_GetSysClockFreq
                0x0800134c       0xa8 Drivers/STM32F4xx_HAL_Driver/Src/stm32f4xx_hal_rcc.o
                0x0800134c                HAL_RCC_GetSysClockFreq
 .text.HAL_RCC_ClockConfig
                0x080013f4      0x160 Drivers/STM32F4xx_HAL_Driver/Src/stm32f4xx_hal_rcc.o
                0x080013f4                HAL_RCC_ClockConfig
 .text.HAL_RCC_GetHCLKFreq
                0x08001554        0xc Drivers/STM32F4xx_HAL_Driver/Src/stm32f4xx_hal_rcc.o
                0x08001554                HAL_RCC_GetHCLKFreq
 .text.HAL_RCC_GetPCLK1Freq
                0x08001560       0x20 Drivers/STM32F4xx_HAL_Driver/Src/stm32f4xx_hal_rcc.o
                0x08001560                HAL_RCC_GetPCLK1Freq
 .text.HAL_RCC_GetPCLK2Freq
                0x08001580       0x20 Drivers/STM32F4xx_HAL_Driver/Src/stm32f4xx_hal_rcc.o
                0x08001580                HAL_RCC_GetPCLK2Freq
 .text.HAL_RCCEx_PeriphCLKConfig
                0x080015a0      0x170 Drivers/STM32F4xx_HAL_Driver/Src/stm32f4xx_hal_rcc_ex.o
                0x080015a0                HAL_RCCEx_PeriphCLKConfig
 .text.HAL_RTC_WaitForSynchro
                0x08001710       0x32 Drivers/STM32F4xx_HAL_Driver/Src/stm32f4xx_hal_rtc.o
                0x08001710                HAL_RTC_WaitForSynchro
 .text.RTC_EnterInitMode
                0x08001742       0x3c Drivers/STM32F4xx_HAL_Driver/Src/stm32f4xx_hal_rtc.o
                0x08001742                RTC_EnterInitMode
 .text.HAL_RTC_Init
                0x0800177e       0xc4 Drivers/STM32F4xx_HAL_Driver/Src/stm32f4xx_hal_rtc.o
                0x0800177e                HAL_RTC_Init
 .text.RTC_ByteToBcd2
                0x08001842       0x16 Drivers/STM32F4xx_HAL_Driver/Src/stm32f4xx_hal_rtc.o
                0x08001842                RTC_ByteToBcd2
 .text.HAL_RTC_SetTime
                0x08001858       0xfe Drivers/STM32F4xx_HAL_Driver/Src/stm32f4xx_hal_rtc.o
                0x08001858                HAL_RTC_SetTime
 .text.HAL_RTC_SetDate
                0x08001956       0xda Drivers/STM32F4xx_HAL_Driver/Src/stm32f4xx_hal_rtc.o
                0x08001956                HAL_RTC_SetDate
 .text.RTC_Bcd2ToByte
                0x08001a30       0x12 Drivers/STM32F4xx_HAL_Driver/Src/stm32f4xx_hal_rtc.o
                0x08001a30                RTC_Bcd2ToByte
 .text.HAL_RTC_GetTime
                0x08001a42       0x56 Drivers/STM32F4xx_HAL_Driver/Src/stm32f4xx_hal_rtc.o
                0x08001a42                HAL_RTC_GetTime
 .text.HAL_RTC_GetDate
                0x08001a98       0x42 Drivers/STM32F4xx_HAL_Driver/Src/stm32f4xx_hal_rtc.o
                0x08001a98                HAL_RTC_GetDate
 .text.UART_EndRxTransfer
                0x08001ada       0x5c Drivers/STM32F4xx_HAL_Driver/Src/stm32f4xx_hal_uart.o
 .text.UART_Transmit_IT
                0x08001b36       0x62 Drivers/STM32F4xx_HAL_Driver/Src/stm32f4xx_hal_uart.o
 .text.UART_SetConfig
                0x08001b98      0x134 Drivers/STM32F4xx_HAL_Driver/Src/stm32f4xx_hal_uart.o
 .text.UART_WaitOnFlagUntilTimeout
                0x08001ccc       0x7e Drivers/STM32F4xx_HAL_Driver/Src/stm32f4xx_hal_uart.o
 .text.HAL_UART_Init
                0x08001d4a       0x5e Drivers/STM32F4xx_HAL_Driver/Src/stm32f4xx_hal_uart.o
                0x08001d4a                HAL_UART_Init
 .text.HAL_UART_Transmit
                0x08001da8       0xda Drivers/STM32F4xx_HAL_Driver/Src/stm32f4xx_hal_uart.o
                0x08001da8                HAL_UART_Transmit
 .text.HAL_UART_TxCpltCallback
                0x08001e82        0x2 Drivers/STM32F4xx_HAL_Driver/Src/stm32f4xx_hal_uart.o
                0x08001e82                HAL_UART_TxCpltCallback
 .text.UART_EndTransmit_IT
                0x08001e84       0x1a Drivers/STM32F4xx_HAL_Driver/Src/stm32f4xx_hal_uart.o
 .text.HAL_UART_ErrorCallback
                0x08001e9e        0x2 Drivers/STM32F4xx_HAL_Driver/Src/stm32f4xx_hal_uart.o
                0x08001e9e                HAL_UART_ErrorCallback
 .text.UART_DMAAbortOnError
                0x08001ea0       0x10 Drivers/STM32F4xx_HAL_Driver/Src/stm32f4xx_hal_uart.o
 .text.HAL_UARTEx_RxEventCallback
                0x08001eb0        0x2 Drivers/STM32F4xx_HAL_Driver/Src/stm32f4xx_hal_uart.o
                0x08001eb0                HAL_UARTEx_RxEventCallback
 .text.UART_Receive_IT
                0x08001eb2       0xe2 Drivers/STM32F4xx_HAL_Driver/Src/stm32f4xx_hal_uart.o
 .text.HAL_UART_IRQHandler
                0x08001f94      0x270 Drivers/STM32F4xx_HAL_Driver/Src/stm32f4xx_hal_uart.o
                0x08001f94                HAL_UART_IRQHandler
 .text.UART_Start_Receive_IT
                0x08002204       0x36 Drivers/STM32F4xx_HAL_Driver/Src/stm32f4xx_hal_uart.o
                0x08002204                UART_Start_Receive_IT
 .text.HAL_UART_Receive_IT
                0x0800223a       0x38 Drivers/STM32F4xx_HAL_Driver/Src/stm32f4xx_hal_uart.o
                0x0800223a                HAL_UART_Receive_IT
 *fill*         0x08002272        0x2 
 .text.Reset_Handler
                0x08002274       0x50 startup/startup_stm32f411xe.o
                0x08002274                Reset_Handler
 .text.Default_Handler
                0x080022c4        0x2 startup/startup_stm32f411xe.o
                0x080022c4                RTC_Alarm_IRQHandler
                0x080022c4                EXTI2_IRQHandler
                0x080022c4                SPI4_IRQHandler
                0x080022c4                TIM1_CC_IRQHandler
                0x080022c4                DMA2_Stream5_IRQHandler
                0x080022c4                DMA1_Stream5_IRQHandler
                0x080022c4                PVD_IRQHandler
                0x080022c4                SDIO_IRQHandler
                0x080022c4                TAMP_STAMP_IRQHandler
                0x080022c4                EXTI3_IRQHandler
                0x080022c4                TIM1_UP_TIM10_IRQHandler
                0x080022c4                I2C3_ER_IRQHandler
                0x080022c4                EXTI0_IRQHandler
                0x080022c4                I2C2_EV_IRQHandler
                0x080022c4                DMA1_Stream2_IRQHandler
                0x080022c4                FPU_IRQHandler
                0x080022c4                DMA2_Stream2_IRQHandler
                0x080022c4                SPI1_IRQHandler
                0x080022c4                TIM1_BRK_TIM9_IRQHandler
                0x080022c4                DMA2_Stream3_IRQHandler
                0x080022c4                USART6_IRQHandler
                0x080022c4                DMA2_Stream0_IRQHandler
                0x080022c4                TIM4_IRQHandler
                0x080022c4                I2C1_EV_IRQHandler
                0x080022c4                DMA1_Stream6_IRQHandler
                0x080022c4                DMA1_Stream1_IRQHandler
                0x080022c4                TIM3_IRQHandler
                0x080022c4                RCC_IRQHandler
                0x080022c4                Default_Handler
                0x080022c4                EXTI15_10_IRQHandler
                0x080022c4                ADC_IRQHandler
                0x080022c4                DMA1_Stream7_IRQHandler
                0x080022c4                SPI5_IRQHandler
                0x080022c4                TIM5_IRQHandler
                0x080022c4                DMA2_Stream7_IRQHandler
                0x080022c4                I2C3_EV_IRQHandler
                0x080022c4                EXTI9_5_IRQHandler
                0x080022c4                RTC_WKUP_IRQHandler
                0x080022c4                SPI2_IRQHandler
                0x080022c4                DMA1_Stream0_IRQHandler
                0x080022c4                EXTI4_IRQHandler
                0x080022c4                WWDG_IRQHandler
                0x080022c4                TIM2_IRQHandler
                0x080022c4                OTG_FS_WKUP_IRQHandler
                0x080022c4                TIM1_TRG_COM_TIM11_IRQHandler
                0x080022c4                EXTI1_IRQHandler
                0x080022c4                I2C2_ER_IRQHandler
                0x080022c4                DMA2_Stream1_IRQHandler
                0x080022c4                FLASH_IRQHandler
                0x080022c4                DMA2_Stream4_IRQHandler
                0x080022c4                USART1_IRQHandler
                0x080022c4                OTG_FS_IRQHandler
                0x080022c4                SPI3_IRQHandler
                0x080022c4                DMA1_Stream4_IRQHandler
                0x080022c4                I2C1_ER_IRQHandler
                0x080022c4                DMA2_Stream6_IRQHandler
                0x080022c4                DMA1_Stream3_IRQHandler
 *fill*         0x080022c6        0x2 
 .text.__errno  0x080022c8        0xc c:/ac6/systemworkbench/plugins/fr.ac6.mcu.externaltools.arm-none.win32_1.17.0.201812190825/tools/compiler/bin/../lib/gcc/arm-none-eabi/7.3.1/../../../../arm-none-eabi/lib/thumb/v7e-m/fpv4-sp/hard\libc_nano.a(lib_a-errno.o)
                0x080022c8                __errno
 .text.__libc_init_array
                0x080022d4       0x48 c:/ac6/systemworkbench/plugins/fr.ac6.mcu.externaltools.arm-none.win32_1.17.0.201812190825/tools/compiler/bin/../lib/gcc/arm-none-eabi/7.3.1/../../../../arm-none-eabi/lib/thumb/v7e-m/fpv4-sp/hard\libc_nano.a(lib_a-init.o)
                0x080022d4                __libc_init_array
 .text.memcpy   0x0800231c       0x16 c:/ac6/systemworkbench/plugins/fr.ac6.mcu.externaltools.arm-none.win32_1.17.0.201812190825/tools/compiler/bin/../lib/gcc/arm-none-eabi/7.3.1/../../../../arm-none-eabi/lib/thumb/v7e-m/fpv4-sp/hard\libc_nano.a(lib_a-memcpy-stub.o)
                0x0800231c                memcpy
 .text.memset   0x08002332       0x10 c:/ac6/systemworkbench/plugins/fr.ac6.mcu.externaltools.arm-none.win32_1.17.0.201812190825/tools/compiler/bin/../lib/gcc/arm-none-eabi/7.3.1/../../../../arm-none-eabi/lib/thumb/v7e-m/fpv4-sp/hard\libc_nano.a(lib_a-memset.o)
                0x08002332                memset
 *fill*         0x08002342        0x2 
 .text.sprintf  0x08002344       0x40 c:/ac6/systemworkbench/plugins/fr.ac6.mcu.externaltools.arm-none.win32_1.17.0.201812190825/tools/compiler/bin/../lib/gcc/arm-none-eabi/7.3.1/../../../../arm-none-eabi/lib/thumb/v7e-m/fpv4-sp/hard\libc_nano.a(lib_a-sprintf.o)
                0x08002344                siprintf
                0x08002344                sprintf
 .text.__ssputs_r
                0x08002384       0xb4 c:/ac6/systemworkbench/plugins/fr.ac6.mcu.externaltools.arm-none.win32_1.17.0.201812190825/tools/compiler/bin/../lib/gcc/arm-none-eabi/7.3.1/../../../../arm-none-eabi/lib/thumb/v7e-m/fpv4-sp/hard\libc_nano.a(lib_a-nano-svfprintf.o)
                0x08002384                __ssputs_r
 .text._svfprintf_r
                0x08002438      0x1f0 c:/ac6/systemworkbench/plugins/fr.ac6.mcu.externaltools.arm-none.win32_1.17.0.201812190825/tools/compiler/bin/../lib/gcc/arm-none-eabi/7.3.1/../../../../arm-none-eabi/lib/thumb/v7e-m/fpv4-sp/hard\libc_nano.a(lib_a-nano-svfprintf.o)
                0x08002438                _svfiprintf_r
                0x08002438                _svfprintf_r
 .text._printf_common
                0x08002628       0xea c:/ac6/systemworkbench/plugins/fr.ac6.mcu.externaltools.arm-none.win32_1.17.0.201812190825/tools/compiler/bin/../lib/gcc/arm-none-eabi/7.3.1/../../../../arm-none-eabi/lib/thumb/v7e-m/fpv4-sp/hard\libc_nano.a(lib_a-nano-vfprintf_i.o)
                0x08002628                _printf_common
 *fill*         0x08002712        0x2 
 .text._printf_i
                0x08002714      0x224 c:/ac6/systemworkbench/plugins/fr.ac6.mcu.externaltools.arm-none.win32_1.17.0.201812190825/tools/compiler/bin/../lib/gcc/arm-none-eabi/7.3.1/../../../../arm-none-eabi/lib/thumb/v7e-m/fpv4-sp/hard\libc_nano.a(lib_a-nano-vfprintf_i.o)
                0x08002714                _printf_i
 .text.memmove  0x08002938       0x32 c:/ac6/systemworkbench/plugins/fr.ac6.mcu.externaltools.arm-none.win32_1.17.0.201812190825/tools/compiler/bin/../lib/gcc/arm-none-eabi/7.3.1/../../../../arm-none-eabi/lib/thumb/v7e-m/fpv4-sp/hard\libc_nano.a(lib_a-memmove.o)
                0x08002938                memmove
 *fill*         0x0800296a        0x2 
 .text._free_r  0x0800296c       0x9c c:/ac6/systemworkbench/plugins/fr.ac6.mcu.externaltools.arm-none.win32_1.17.0.201812190825/tools/compiler/bin/../lib/gcc/arm-none-eabi/7.3.1/../../../../arm-none-eabi/lib/thumb/v7e-m/fpv4-sp/hard\libc_nano.a(lib_a-nano-freer.o)
                0x0800296c                _free_r
 .text._malloc_r
                0x08002a08       0xb4 c:/ac6/systemworkbench/plugins/fr.ac6.mcu.externaltools.arm-none.win32_1.17.0.201812190825/tools/compiler/bin/../lib/gcc/arm-none-eabi/7.3.1/../../../../arm-none-eabi/lib/thumb/v7e-m/fpv4-sp/hard\libc_nano.a(lib_a-nano-mallocr.o)
                0x08002a08                _malloc_r
 .text._realloc_r
                0x08002abc       0x4c c:/ac6/systemworkbench/plugins/fr.ac6.mcu.externaltools.arm-none.win32_1.17.0.201812190825/tools/compiler/bin/../lib/gcc/arm-none-eabi/7.3.1/../../../../arm-none-eabi/lib/thumb/v7e-m/fpv4-sp/hard\libc_nano.a(lib_a-nano-reallocr.o)
                0x08002abc                _realloc_r
 .text._sbrk_r  0x08002b08       0x20 c:/ac6/systemworkbench/plugins/fr.ac6.mcu.externaltools.arm-none.win32_1.17.0.201812190825/tools/compiler/bin/../lib/gcc/arm-none-eabi/7.3.1/../../../../arm-none-eabi/lib/thumb/v7e-m/fpv4-sp/hard\libc_nano.a(lib_a-sbrkr.o)
                0x08002b08                _sbrk_r
 .text.__malloc_lock
                0x08002b28        0x2 c:/ac6/systemworkbench/plugins/fr.ac6.mcu.externaltools.arm-none.win32_1.17.0.201812190825/tools/compiler/bin/../lib/gcc/arm-none-eabi/7.3.1/../../../../arm-none-eabi/lib/thumb/v7e-m/fpv4-sp/hard\libc_nano.a(lib_a-mlock.o)
                0x08002b28                __malloc_lock
 .text.__malloc_unlock
                0x08002b2a        0x2 c:/ac6/systemworkbench/plugins/fr.ac6.mcu.externaltools.arm-none.win32_1.17.0.201812190825/tools/compiler/bin/../lib/gcc/arm-none-eabi/7.3.1/../../../../arm-none-eabi/lib/thumb/v7e-m/fpv4-sp/hard\libc_nano.a(lib_a-mlock.o)
                0x08002b2a                __malloc_unlock
 .text._malloc_usable_size_r
                0x08002b2c       0x10 c:/ac6/systemworkbench/plugins/fr.ac6.mcu.externaltools.arm-none.win32_1.17.0.201812190825/tools/compiler/bin/../lib/gcc/arm-none-eabi/7.3.1/../../../../arm-none-eabi/lib/thumb/v7e-m/fpv4-sp/hard\libc_nano.a(lib_a-nano-msizer.o)
                0x08002b2c                _malloc_usable_size_r
 *(.glue_7)
 .glue_7        0x08002b3c        0x0 linker stubs
 *(.glue_7t)
 .glue_7t       0x08002b3c        0x0 linker stubs
 *(.eh_frame)
 .eh_frame      0x08002b3c        0x0 c:/ac6/systemworkbench/plugins/fr.ac6.mcu.externaltools.arm-none.win32_1.17.0.201812190825/tools/compiler/bin/../lib/gcc/arm-none-eabi/7.3.1/thumb/v7e-m/fpv4-sp/hard/crtbegin.o
 *(.init)
 .init          0x08002b3c        0x4 c:/ac6/systemworkbench/plugins/fr.ac6.mcu.externaltools.arm-none.win32_1.17.0.201812190825/tools/compiler/bin/../lib/gcc/arm-none-eabi/7.3.1/thumb/v7e-m/fpv4-sp/hard/crti.o
                0x08002b3c                _init
 .init          0x08002b40        0x8 c:/ac6/systemworkbench/plugins/fr.ac6.mcu.externaltools.arm-none.win32_1.17.0.201812190825/tools/compiler/bin/../lib/gcc/arm-none-eabi/7.3.1/thumb/v7e-m/fpv4-sp/hard/crtn.o
 *(.fini)
 .fini          0x08002b48        0x4 c:/ac6/systemworkbench/plugins/fr.ac6.mcu.externaltools.arm-none.win32_1.17.0.201812190825/tools/compiler/bin/../lib/gcc/arm-none-eabi/7.3.1/thumb/v7e-m/fpv4-sp/hard/crti.o
                0x08002b48                _fini
 .fini          0x08002b4c        0x8 c:/ac6/systemworkbench/plugins/fr.ac6.mcu.externaltools.arm-none.win32_1.17.0.201812190825/tools/compiler/bin/../lib/gcc/arm-none-eabi/7.3.1/thumb/v7e-m/fpv4-sp/hard/crtn.o
                0x08002b54                . = ALIGN (0x4)
                0x08002b54                _etext = .

.vfp11_veneer   0x08002b54        0x0
 .vfp11_veneer  0x08002b54        0x0 linker stubs

.v4_bx          0x08002b54        0x0
 .v4_bx         0x08002b54        0x0 linker stubs

.iplt           0x08002b54        0x0
 .iplt          0x08002b54        0x0 c:/ac6/systemworkbench/plugins/fr.ac6.mcu.externaltools.arm-none.win32_1.17.0.201812190825/tools/compiler/bin/../lib/gcc/arm-none-eabi/7.3.1/thumb/v7e-m/fpv4-sp/hard/crtbegin.o

.rodata         0x08002b54       0x74
                0x08002b54                . = ALIGN (0x4)
 *(.rodata)
 .rodata        0x08002b54       0x14 Core/Src/main.o
 .rodata        0x08002b68       0x18 Core/Src/system_stm32f4xx.o
                0x08002b68                AHBPrescTable
                0x08002b78                APBPrescTable
 *(.rodata*)
 .rodata.str1.4
                0x08002b80       0x14 Core/Src/main.o
                                 0x11 (size before relaxing)
 .rodata._svfprintf_r.str1.1
                0x08002b94       0x11 c:/ac6/systemworkbench/plugins/fr.ac6.mcu.externaltools.arm-none.win32_1.17.0.201812190825/tools/compiler/bin/../lib/gcc/arm-none-eabi/7.3.1/../../../../arm-none-eabi/lib/thumb/v7e-m/fpv4-sp/hard\libc_nano.a(lib_a-nano-svfprintf.o)
 .rodata._printf_i.str1.1
                0x08002ba5       0x22 c:/ac6/systemworkbench/plugins/fr.ac6.mcu.externaltools.arm-none.win32_1.17.0.201812190825/tools/compiler/bin/../lib/gcc/arm-none-eabi/7.3.1/../../../../arm-none-eabi/lib/thumb/v7e-m/fpv4-sp/hard\libc_nano.a(lib_a-nano-vfprintf_i.o)
                0x08002bc8                . = ALIGN (0x4)
 *fill*         0x08002bc7        0x1 

.ARM.extab
 *(.ARM.extab* .gnu.linkonce.armextab.*)

.ARM            0x08002bc8        0x8
                0x08002bc8                __exidx_start = .
 *(.ARM.exidx*)
 .ARM.exidx     0x08002bc8        0x8 c:/ac6/systemworkbench/plugins/fr.ac6.mcu.externaltools.arm-none.win32_1.17.0.201812190825/tools/compiler/bin/../lib/gcc/arm-none-eabi/7.3.1/thumb/v7e-m/fpv4-sp/hard\libgcc.a(_udivmoddi4.o)
                0x08002bd0                __exidx_end = .

.rel.dyn        0x08002bd0        0x0
 .rel.iplt      0x08002bd0        0x0 c:/ac6/systemworkbench/plugins/fr.ac6.mcu.externaltools.arm-none.win32_1.17.0.201812190825/tools/compiler/bin/../lib/gcc/arm-none-eabi/7.3.1/thumb/v7e-m/fpv4-sp/hard/crtbegin.o

.preinit_array  0x08002bd0        0x0
                0x08002bd0                PROVIDE (__preinit_array_start = .)
 *(.preinit_array*)
                0x08002bd0                PROVIDE (__preinit_array_end = .)

.init_array     0x08002bd0        0x4
                0x08002bd0                PROVIDE (__init_array_start = .)
 *(SORT_BY_NAME(.init_array.*))
 *(.init_array*)
 .init_array    0x08002bd0        0x4 c:/ac6/systemworkbench/plugins/fr.ac6.mcu.externaltools.arm-none.win32_1.17.0.201812190825/tools/compiler/bin/../lib/gcc/arm-none-eabi/7.3.1/thumb/v7e-m/fpv4-sp/hard/crtbegin.o
                0x08002bd4                PROVIDE (__init_array_end = .)

.fini_array     0x08002bd4        0x4
                [!provide]                PROVIDE (__fini_array_start = .)
 *(SORT_BY_NAME(.fini_array.*))
 *(.fini_array*)
 .fini_array    0x08002bd4        0x4 c:/ac6/systemworkbench/plugins/fr.ac6.mcu.externaltools.arm-none.win32_1.17.0.201812190825/tools/compiler/bin/../lib/gcc/arm-none-eabi/7.3.1/thumb/v7e-m/fpv4-sp/hard/crtbegin.o
                [!provide]                PROVIDE (__fini_array_end = .)
                0x08002bd8                _sidata = LOADADDR (.data)

.data           0x20000000       0x70 load address 0x08002bd8
                0x20000000                . = ALIGN (0x4)
                0x20000000                _sdata = .
 *(.data)
 .data          0x20000000        0x4 Core/Src/system_stm32f4xx.o
                0x20000000                SystemCoreClock
 .data          0x20000004        0x8 Drivers/STM32F4xx_HAL_Driver/Src/stm32f4xx_hal.o
                0x20000004                uwTickFreq
                0x20000008                uwTickPrio
 *(.data*)
 .data._impure_ptr
                0x2000000c        0x4 c:/ac6/systemworkbench/plugins/fr.ac6.mcu.externaltools.arm-none.win32_1.17.0.201812190825/tools/compiler/bin/../lib/gcc/arm-none-eabi/7.3.1/../../../../arm-none-eabi/lib/thumb/v7e-m/fpv4-sp/hard\libc_nano.a(lib_a-impure.o)
                0x2000000c                _impure_ptr
 .data.impure_data
                0x20000010       0x60 c:/ac6/systemworkbench/plugins/fr.ac6.mcu.externaltools.arm-none.win32_1.17.0.201812190825/tools/compiler/bin/../lib/gcc/arm-none-eabi/7.3.1/../../../../arm-none-eabi/lib/thumb/v7e-m/fpv4-sp/hard\libc_nano.a(lib_a-impure.o)
                0x20000070                . = ALIGN (0x4)
                0x20000070                _edata = .

.igot.plt       0x20000070        0x0 load address 0x08002c48
 .igot.plt      0x20000070        0x0 c:/ac6/systemworkbench/plugins/fr.ac6.mcu.externaltools.arm-none.win32_1.17.0.201812190825/tools/compiler/bin/../lib/gcc/arm-none-eabi/7.3.1/thumb/v7e-m/fpv4-sp/hard/crtbegin.o
                0x20000070                . = ALIGN (0x4)

.bss            0x20000070      0x148 load address 0x08002c48
                0x20000070                _sbss = .
                0x20000070                __bss_start__ = _sbss
 *(.bss)
 .bss           0x20000070       0x1c c:/ac6/systemworkbench/plugins/fr.ac6.mcu.externaltools.arm-none.win32_1.17.0.201812190825/tools/compiler/bin/../lib/gcc/arm-none-eabi/7.3.1/thumb/v7e-m/fpv4-sp/hard/crtbegin.o
 .bss           0x2000008c        0x8 Core/Src/syscalls.o
                0x20000090                __env
 *(.bss*)
 .bss.__malloc_free_list
                0x20000094        0x4 c:/ac6/systemworkbench/plugins/fr.ac6.mcu.externaltools.arm-none.win32_1.17.0.201812190825/tools/compiler/bin/../lib/gcc/arm-none-eabi/7.3.1/../../../../arm-none-eabi/lib/thumb/v7e-m/fpv4-sp/hard\libc_nano.a(lib_a-nano-mallocr.o)
                0x20000094                __malloc_free_list
 .bss.__malloc_sbrk_start
                0x20000098        0x4 c:/ac6/systemworkbench/plugins/fr.ac6.mcu.externaltools.arm-none.win32_1.17.0.201812190825/tools/compiler/bin/../lib/gcc/arm-none-eabi/7.3.1/../../../../arm-none-eabi/lib/thumb/v7e-m/fpv4-sp/hard\libc_nano.a(lib_a-nano-mallocr.o)
                0x20000098                __malloc_sbrk_start
 *(COMMON)
 COMMON         0x2000009c       0x54 Comunications/frame_coder.o
                0x2000009c                buffer_output
                0x200000aa                c
                0x200000ac                huart_tmp
 COMMON         0x200000f0       0xa8 Core/Src/main.o
                0x200000f0                huart1
                0x20000134                hrtc
                0x20000154                huart2
 COMMON         0x20000198       0x16 DFPlayer/DFPlayer.o
                0x20000198                recv_buf
                0x200001a2                is_reply
                0x200001a4                send_buf
 *fill*         0x200001ae        0x2 
 COMMON         0x200001b0        0x4 Drivers/STM32F4xx_HAL_Driver/Src/stm32f4xx_hal.o
                0x200001b0                uwTick
 COMMON         0x200001b4        0x4 c:/ac6/systemworkbench/plugins/fr.ac6.mcu.externaltools.arm-none.win32_1.17.0.201812190825/tools/compiler/bin/../lib/gcc/arm-none-eabi/7.3.1/../../../../arm-none-eabi/lib/thumb/v7e-m/fpv4-sp/hard\libc_nano.a(lib_a-reent.o)
                0x200001b4                errno
                0x200001b8                . = ALIGN (0x4)
                0x200001b8                _ebss = .
                0x200001b8                __bss_end__ = _ebss

._user_heap_stack
                0x200001b8      0x600 load address 0x08002c48
                0x200001b8                . = ALIGN (0x8)
                0x200001b8                PROVIDE (end = .)
                [!provide]                PROVIDE (_end = .)
                0x200003b8                . = (. + _Min_Heap_Size)
 *fill*         0x200001b8      0x200 
                0x200007b8                . = (. + _Min_Stack_Size)
 *fill*         0x200003b8      0x400 
                0x200007b8                . = ALIGN (0x8)

/DISCARD/
 libc.a(*)
 libm.a(*)
 libgcc.a(*)

.ARM.attributes
                0x00000000       0x30
 *(.ARM.attributes)
 .ARM.attributes
                0x00000000       0x22 c:/ac6/systemworkbench/plugins/fr.ac6.mcu.externaltools.arm-none.win32_1.17.0.201812190825/tools/compiler/bin/../lib/gcc/arm-none-eabi/7.3.1/thumb/v7e-m/fpv4-sp/hard/crti.o
 .ARM.attributes
                0x00000022       0x34 c:/ac6/systemworkbench/plugins/fr.ac6.mcu.externaltools.arm-none.win32_1.17.0.201812190825/tools/compiler/bin/../lib/gcc/arm-none-eabi/7.3.1/thumb/v7e-m/fpv4-sp/hard/crtbegin.o
 .ARM.attributes
                0x00000056       0x39 Comunications/frame_coder.o
 .ARM.attributes
                0x0000008f       0x39 Core/Src/main.o
 .ARM.attributes
                0x000000c8       0x39 Core/Src/stm32f4xx_hal_msp.o
 .ARM.attributes
                0x00000101       0x39 Core/Src/stm32f4xx_it.o
 .ARM.attributes
                0x0000013a       0x39 Core/Src/syscalls.o
 .ARM.attributes
                0x00000173       0x39 Core/Src/system_stm32f4xx.o
 .ARM.attributes
                0x000001ac       0x39 DFPlayer/DFPlayer.o
 .ARM.attributes
                0x000001e5       0x39 Drivers/STM32F4xx_HAL_Driver/Src/stm32f4xx_hal.o
 .ARM.attributes
                0x0000021e       0x39 Drivers/STM32F4xx_HAL_Driver/Src/stm32f4xx_hal_cortex.o
 .ARM.attributes
                0x00000257       0x39 Drivers/STM32F4xx_HAL_Driver/Src/stm32f4xx_hal_dma.o
 .ARM.attributes
                0x00000290       0x39 Drivers/STM32F4xx_HAL_Driver/Src/stm32f4xx_hal_gpio.o
 .ARM.attributes
                0x000002c9       0x39 Drivers/STM32F4xx_HAL_Driver/Src/stm32f4xx_hal_rcc.o
 .ARM.attributes
                0x00000302       0x39 Drivers/STM32F4xx_HAL_Driver/Src/stm32f4xx_hal_rcc_ex.o
 .ARM.attributes
                0x0000033b       0x39 Drivers/STM32F4xx_HAL_Driver/Src/stm32f4xx_hal_rtc.o
 .ARM.attributes
                0x00000374       0x39 Drivers/STM32F4xx_HAL_Driver/Src/stm32f4xx_hal_uart.o
 .ARM.attributes
                0x000003ad       0x21 startup/startup_stm32f411xe.o
 .ARM.attributes
                0x000003ce       0x22 c:/ac6/systemworkbench/plugins/fr.ac6.mcu.externaltools.arm-none.win32_1.17.0.201812190825/tools/compiler/bin/../lib/gcc/arm-none-eabi/7.3.1/thumb/v7e-m/fpv4-sp/hard\libgcc.a(_aeabi_uldivmod.o)
 .ARM.attributes
                0x000003f0       0x34 c:/ac6/systemworkbench/plugins/fr.ac6.mcu.externaltools.arm-none.win32_1.17.0.201812190825/tools/compiler/bin/../lib/gcc/arm-none-eabi/7.3.1/thumb/v7e-m/fpv4-sp/hard\libgcc.a(_udivmoddi4.o)
 .ARM.attributes
                0x00000424       0x22 c:/ac6/systemworkbench/plugins/fr.ac6.mcu.externaltools.arm-none.win32_1.17.0.201812190825/tools/compiler/bin/../lib/gcc/arm-none-eabi/7.3.1/thumb/v7e-m/fpv4-sp/hard\libgcc.a(_dvmd_tls.o)
 .ARM.attributes
                0x00000446       0x34 c:/ac6/systemworkbench/plugins/fr.ac6.mcu.externaltools.arm-none.win32_1.17.0.201812190825/tools/compiler/bin/../lib/gcc/arm-none-eabi/7.3.1/../../../../arm-none-eabi/lib/thumb/v7e-m/fpv4-sp/hard\libc_nano.a(lib_a-errno.o)
 .ARM.attributes
                0x0000047a       0x34 c:/ac6/systemworkbench/plugins/fr.ac6.mcu.externaltools.arm-none.win32_1.17.0.201812190825/tools/compiler/bin/../lib/gcc/arm-none-eabi/7.3.1/../../../../arm-none-eabi/lib/thumb/v7e-m/fpv4-sp/hard\libc_nano.a(lib_a-impure.o)
 .ARM.attributes
                0x000004ae       0x34 c:/ac6/systemworkbench/plugins/fr.ac6.mcu.externaltools.arm-none.win32_1.17.0.201812190825/tools/compiler/bin/../lib/gcc/arm-none-eabi/7.3.1/../../../../arm-none-eabi/lib/thumb/v7e-m/fpv4-sp/hard\libc_nano.a(lib_a-init.o)
 .ARM.attributes
                0x000004e2       0x34 c:/ac6/systemworkbench/plugins/fr.ac6.mcu.externaltools.arm-none.win32_1.17.0.201812190825/tools/compiler/bin/../lib/gcc/arm-none-eabi/7.3.1/../../../../arm-none-eabi/lib/thumb/v7e-m/fpv4-sp/hard\libc_nano.a(lib_a-memcpy-stub.o)
 .ARM.attributes
                0x00000516       0x34 c:/ac6/systemworkbench/plugins/fr.ac6.mcu.externaltools.arm-none.win32_1.17.0.201812190825/tools/compiler/bin/../lib/gcc/arm-none-eabi/7.3.1/../../../../arm-none-eabi/lib/thumb/v7e-m/fpv4-sp/hard\libc_nano.a(lib_a-memset.o)
 .ARM.attributes
                0x0000054a       0x34 c:/ac6/systemworkbench/plugins/fr.ac6.mcu.externaltools.arm-none.win32_1.17.0.201812190825/tools/compiler/bin/../lib/gcc/arm-none-eabi/7.3.1/../../../../arm-none-eabi/lib/thumb/v7e-m/fpv4-sp/hard\libc_nano.a(lib_a-sprintf.o)
 .ARM.attributes
                0x0000057e       0x34 c:/ac6/systemworkbench/plugins/fr.ac6.mcu.externaltools.arm-none.win32_1.17.0.201812190825/tools/compiler/bin/../lib/gcc/arm-none-eabi/7.3.1/../../../../arm-none-eabi/lib/thumb/v7e-m/fpv4-sp/hard\libc_nano.a(lib_a-nano-svfprintf.o)
 .ARM.attributes
                0x000005b2       0x34 c:/ac6/systemworkbench/plugins/fr.ac6.mcu.externaltools.arm-none.win32_1.17.0.201812190825/tools/compiler/bin/../lib/gcc/arm-none-eabi/7.3.1/../../../../arm-none-eabi/lib/thumb/v7e-m/fpv4-sp/hard\libc_nano.a(lib_a-nano-vfprintf_i.o)
 .ARM.attributes
                0x000005e6       0x20 c:/ac6/systemworkbench/plugins/fr.ac6.mcu.externaltools.arm-none.win32_1.17.0.201812190825/tools/compiler/bin/../lib/gcc/arm-none-eabi/7.3.1/../../../../arm-none-eabi/lib/thumb/v7e-m/fpv4-sp/hard\libc_nano.a(lib_a-memchr.o)
 .ARM.attributes
                0x00000606       0x34 c:/ac6/systemworkbench/plugins/fr.ac6.mcu.externaltools.arm-none.win32_1.17.0.201812190825/tools/compiler/bin/../lib/gcc/arm-none-eabi/7.3.1/../../../../arm-none-eabi/lib/thumb/v7e-m/fpv4-sp/hard\libc_nano.a(lib_a-memmove.o)
 .ARM.attributes
                0x0000063a       0x34 c:/ac6/systemworkbench/plugins/fr.ac6.mcu.externaltools.arm-none.win32_1.17.0.201812190825/tools/compiler/bin/../lib/gcc/arm-none-eabi/7.3.1/../../../../arm-none-eabi/lib/thumb/v7e-m/fpv4-sp/hard\libc_nano.a(lib_a-nano-freer.o)
 .ARM.attributes
                0x0000066e       0x34 c:/ac6/systemworkbench/plugins/fr.ac6.mcu.externaltools.arm-none.win32_1.17.0.201812190825/tools/compiler/bin/../lib/gcc/arm-none-eabi/7.3.1/../../../../arm-none-eabi/lib/thumb/v7e-m/fpv4-sp/hard\libc_nano.a(lib_a-nano-mallocr.o)
 .ARM.attributes
                0x000006a2       0x34 c:/ac6/systemworkbench/plugins/fr.ac6.mcu.externaltools.arm-none.win32_1.17.0.201812190825/tools/compiler/bin/../lib/gcc/arm-none-eabi/7.3.1/../../../../arm-none-eabi/lib/thumb/v7e-m/fpv4-sp/hard\libc_nano.a(lib_a-nano-reallocr.o)
 .ARM.attributes
                0x000006d6       0x34 c:/ac6/systemworkbench/plugins/fr.ac6.mcu.externaltools.arm-none.win32_1.17.0.201812190825/tools/compiler/bin/../lib/gcc/arm-none-eabi/7.3.1/../../../../arm-none-eabi/lib/thumb/v7e-m/fpv4-sp/hard\libc_nano.a(lib_a-sbrkr.o)
 .ARM.attributes
                0x0000070a       0x34 c:/ac6/systemworkbench/plugins/fr.ac6.mcu.externaltools.arm-none.win32_1.17.0.201812190825/tools/compiler/bin/../lib/gcc/arm-none-eabi/7.3.1/../../../../arm-none-eabi/lib/thumb/v7e-m/fpv4-sp/hard\libc_nano.a(lib_a-mlock.o)
 .ARM.attributes
                0x0000073e       0x34 c:/ac6/systemworkbench/plugins/fr.ac6.mcu.externaltools.arm-none.win32_1.17.0.201812190825/tools/compiler/bin/../lib/gcc/arm-none-eabi/7.3.1/../../../../arm-none-eabi/lib/thumb/v7e-m/fpv4-sp/hard\libc_nano.a(lib_a-nano-msizer.o)
 .ARM.attributes
                0x00000772       0x34 c:/ac6/systemworkbench/plugins/fr.ac6.mcu.externaltools.arm-none.win32_1.17.0.201812190825/tools/compiler/bin/../lib/gcc/arm-none-eabi/7.3.1/../../../../arm-none-eabi/lib/thumb/v7e-m/fpv4-sp/hard\libc_nano.a(lib_a-reent.o)
 .ARM.attributes
                0x000007a6       0x22 c:/ac6/systemworkbench/plugins/fr.ac6.mcu.externaltools.arm-none.win32_1.17.0.201812190825/tools/compiler/bin/../lib/gcc/arm-none-eabi/7.3.1/thumb/v7e-m/fpv4-sp/hard/crtn.o
OUTPUT(ej_UART_nucleo.elf elf32-littlearm)

.debug_info     0x00000000     0xe3b9
 .debug_info    0x00000000      0x825 Comunications/frame_coder.o
 .debug_info    0x00000825     0x14c1 Core/Src/main.o
 .debug_info    0x00001ce6      0xfcc Core/Src/stm32f4xx_hal_msp.o
 .debug_info    0x00002cb2      0x75f Core/Src/stm32f4xx_it.o
 .debug_info    0x00003411      0xfd3 Core/Src/syscalls.o
 .debug_info    0x000043e4      0x583 Core/Src/system_stm32f4xx.o
 .debug_info    0x00004967     0x14ea DFPlayer/DFPlayer.o
 .debug_info    0x00005e51      0x981 Drivers/STM32F4xx_HAL_Driver/Src/stm32f4xx_hal.o
 .debug_info    0x000067d2      0xefc Drivers/STM32F4xx_HAL_Driver/Src/stm32f4xx_hal_cortex.o
 .debug_info    0x000076ce      0xaa5 Drivers/STM32F4xx_HAL_Driver/Src/stm32f4xx_hal_dma.o
 .debug_info    0x00008173      0x7f2 Drivers/STM32F4xx_HAL_Driver/Src/stm32f4xx_hal_gpio.o
 .debug_info    0x00008965      0xaba Drivers/STM32F4xx_HAL_Driver/Src/stm32f4xx_hal_rcc.o
 .debug_info    0x0000941f      0x71e Drivers/STM32F4xx_HAL_Driver/Src/stm32f4xx_hal_rcc_ex.o
 .debug_info    0x00009b3d      0xf38 Drivers/STM32F4xx_HAL_Driver/Src/stm32f4xx_hal_rtc.o
 .debug_info    0x0000aa75     0x3922 Drivers/STM32F4xx_HAL_Driver/Src/stm32f4xx_hal_uart.o
 .debug_info    0x0000e397       0x22 startup/startup_stm32f411xe.o

.debug_abbrev   0x00000000     0x21fe
 .debug_abbrev  0x00000000      0x214 Comunications/frame_coder.o
 .debug_abbrev  0x00000214      0x2df Core/Src/main.o
 .debug_abbrev  0x000004f3      0x1e3 Core/Src/stm32f4xx_hal_msp.o
 .debug_abbrev  0x000006d6      0x198 Core/Src/stm32f4xx_it.o
 .debug_abbrev  0x0000086e      0x2d4 Core/Src/syscalls.o
 .debug_abbrev  0x00000b42      0x12b Core/Src/system_stm32f4xx.o
 .debug_abbrev  0x00000c6d      0x2f7 DFPlayer/DFPlayer.o
 .debug_abbrev  0x00000f64      0x218 Drivers/STM32F4xx_HAL_Driver/Src/stm32f4xx_hal.o
 .debug_abbrev  0x0000117c      0x328 Drivers/STM32F4xx_HAL_Driver/Src/stm32f4xx_hal_cortex.o
 .debug_abbrev  0x000014a4      0x258 Drivers/STM32F4xx_HAL_Driver/Src/stm32f4xx_hal_dma.o
 .debug_abbrev  0x000016fc      0x1e7 Drivers/STM32F4xx_HAL_Driver/Src/stm32f4xx_hal_gpio.o
 .debug_abbrev  0x000018e3      0x273 Drivers/STM32F4xx_HAL_Driver/Src/stm32f4xx_hal_rcc.o
 .debug_abbrev  0x00001b56      0x179 Drivers/STM32F4xx_HAL_Driver/Src/stm32f4xx_hal_rcc_ex.o
 .debug_abbrev  0x00001ccf      0x208 Drivers/STM32F4xx_HAL_Driver/Src/stm32f4xx_hal_rtc.o
 .debug_abbrev  0x00001ed7      0x315 Drivers/STM32F4xx_HAL_Driver/Src/stm32f4xx_hal_uart.o
 .debug_abbrev  0x000021ec       0x12 startup/startup_stm32f411xe.o

.debug_loc      0x00000000     0x64df
 .debug_loc     0x00000000       0x96 Comunications/frame_coder.o
 .debug_loc     0x00000096       0x59 Core/Src/main.o
 .debug_loc     0x000000ef       0xa6 Core/Src/stm32f4xx_hal_msp.o
 .debug_loc     0x00000195      0x3af Core/Src/syscalls.o
 .debug_loc     0x00000544      0x13e Core/Src/system_stm32f4xx.o
 .debug_loc     0x00000682      0x206 DFPlayer/DFPlayer.o
 .debug_loc     0x00000888      0x11b Drivers/STM32F4xx_HAL_Driver/Src/stm32f4xx_hal.o
 .debug_loc     0x000009a3      0x5ce Drivers/STM32F4xx_HAL_Driver/Src/stm32f4xx_hal_cortex.o
 .debug_loc     0x00000f71      0xb4e Drivers/STM32F4xx_HAL_Driver/Src/stm32f4xx_hal_dma.o
 .debug_loc     0x00001abf      0x475 Drivers/STM32F4xx_HAL_Driver/Src/stm32f4xx_hal_gpio.o
 .debug_loc     0x00001f34      0x40f Drivers/STM32F4xx_HAL_Driver/Src/stm32f4xx_hal_rcc.o
 .debug_loc     0x00002343      0x2c7 Drivers/STM32F4xx_HAL_Driver/Src/stm32f4xx_hal_rcc_ex.o
 .debug_loc     0x0000260a      0xb7a Drivers/STM32F4xx_HAL_Driver/Src/stm32f4xx_hal_rtc.o
 .debug_loc     0x00003184     0x335b Drivers/STM32F4xx_HAL_Driver/Src/stm32f4xx_hal_uart.o

.debug_aranges  0x00000000      0x9c0
 .debug_aranges
                0x00000000       0x68 Comunications/frame_coder.o
 .debug_aranges
                0x00000068       0x60 Core/Src/main.o
 .debug_aranges
                0x000000c8       0x40 Core/Src/stm32f4xx_hal_msp.o
 .debug_aranges
                0x00000108       0x60 Core/Src/stm32f4xx_it.o
 .debug_aranges
                0x00000168       0xb0 Core/Src/syscalls.o
 .debug_aranges
                0x00000218       0x28 Core/Src/system_stm32f4xx.o
 .debug_aranges
                0x00000240      0x120 DFPlayer/DFPlayer.o
 .debug_aranges
                0x00000360       0xf0 Drivers/STM32F4xx_HAL_Driver/Src/stm32f4xx_hal.o
 .debug_aranges
                0x00000450       0xa8 Drivers/STM32F4xx_HAL_Driver/Src/stm32f4xx_hal_cortex.o
 .debug_aranges
                0x000004f8       0x90 Drivers/STM32F4xx_HAL_Driver/Src/stm32f4xx_hal_dma.o
 .debug_aranges
                0x00000588       0x58 Drivers/STM32F4xx_HAL_Driver/Src/stm32f4xx_hal_gpio.o
 .debug_aranges
                0x000005e0       0x88 Drivers/STM32F4xx_HAL_Driver/Src/stm32f4xx_hal_rcc.o
 .debug_aranges
                0x00000668       0x50 Drivers/STM32F4xx_HAL_Driver/Src/stm32f4xx_hal_rcc_ex.o
 .debug_aranges
                0x000006b8       0xe0 Drivers/STM32F4xx_HAL_Driver/Src/stm32f4xx_hal_rtc.o
 .debug_aranges
                0x00000798      0x200 Drivers/STM32F4xx_HAL_Driver/Src/stm32f4xx_hal_uart.o
 .debug_aranges
                0x00000998       0x28 startup/startup_stm32f411xe.o

.debug_ranges   0x00000000      0x9a0
 .debug_ranges  0x00000000       0x70 Comunications/frame_coder.o
 .debug_ranges  0x00000070       0x68 Core/Src/main.o
 .debug_ranges  0x000000d8       0x30 Core/Src/stm32f4xx_hal_msp.o
 .debug_ranges  0x00000108       0x50 Core/Src/stm32f4xx_it.o
 .debug_ranges  0x00000158       0xa0 Core/Src/syscalls.o
 .debug_ranges  0x000001f8       0x18 Core/Src/system_stm32f4xx.o
 .debug_ranges  0x00000210      0x128 DFPlayer/DFPlayer.o
 .debug_ranges  0x00000338       0xe0 Drivers/STM32F4xx_HAL_Driver/Src/stm32f4xx_hal.o
 .debug_ranges  0x00000418       0xf8 Drivers/STM32F4xx_HAL_Driver/Src/stm32f4xx_hal_cortex.o
 .debug_ranges  0x00000510       0x80 Drivers/STM32F4xx_HAL_Driver/Src/stm32f4xx_hal_dma.o
 .debug_ranges  0x00000590       0x48 Drivers/STM32F4xx_HAL_Driver/Src/stm32f4xx_hal_gpio.o
 .debug_ranges  0x000005d8       0x90 Drivers/STM32F4xx_HAL_Driver/Src/stm32f4xx_hal_rcc.o
 .debug_ranges  0x00000668       0x40 Drivers/STM32F4xx_HAL_Driver/Src/stm32f4xx_hal_rcc_ex.o
 .debug_ranges  0x000006a8       0xd0 Drivers/STM32F4xx_HAL_Driver/Src/stm32f4xx_hal_rtc.o
 .debug_ranges  0x00000778      0x208 Drivers/STM32F4xx_HAL_Driver/Src/stm32f4xx_hal_uart.o
 .debug_ranges  0x00000980       0x20 startup/startup_stm32f411xe.o

.debug_macro    0x00000000    0x172ef
 .debug_macro   0x00000000      0x1e7 Comunications/frame_coder.o
 .debug_macro   0x000001e7      0xa54 Comunications/frame_coder.o
 .debug_macro   0x00000c3b      0x29b Comunications/frame_coder.o
 .debug_macro   0x00000ed6       0x2e Comunications/frame_coder.o
 .debug_macro   0x00000f04       0x28 Comunications/frame_coder.o
 .debug_macro   0x00000f2c       0x22 Comunications/frame_coder.o
 .debug_macro   0x00000f4e       0x8e Comunications/frame_coder.o
 .debug_macro   0x00000fdc       0x51 Comunications/frame_coder.o
 .debug_macro   0x0000102d       0xef Comunications/frame_coder.o
 .debug_macro   0x0000111c       0x6a Comunications/frame_coder.o
 .debug_macro   0x00001186      0x1df Comunications/frame_coder.o
 .debug_macro   0x00001365       0x1c Comunications/frame_coder.o
 .debug_macro   0x00001381       0x22 Comunications/frame_coder.o
 .debug_macro   0x000013a3       0xdf Comunications/frame_coder.o
 .debug_macro   0x00001482     0x102d Comunications/frame_coder.o
 .debug_macro   0x000024af      0x11f Comunications/frame_coder.o
 .debug_macro   0x000025ce     0xb953 Comunications/frame_coder.o
 .debug_macro   0x0000df21       0x6d Comunications/frame_coder.o
 .debug_macro   0x0000df8e     0x3666 Comunications/frame_coder.o
 .debug_macro   0x000115f4      0x174 Comunications/frame_coder.o
 .debug_macro   0x00011768       0x5c Comunications/frame_coder.o
 .debug_macro   0x000117c4      0x447 Comunications/frame_coder.o
 .debug_macro   0x00011c0b      0x9fe Comunications/frame_coder.o
 .debug_macro   0x00012609      0x116 Comunications/frame_coder.o
 .debug_macro   0x0001271f      0x11b Comunications/frame_coder.o
 .debug_macro   0x0001283a       0xa5 Comunications/frame_coder.o
 .debug_macro   0x000128df      0x15f Comunications/frame_coder.o
 .debug_macro   0x00012a3e      0x287 Comunications/frame_coder.o
 .debug_macro   0x00012cc5       0x5f Comunications/frame_coder.o
 .debug_macro   0x00012d24      0x236 Comunications/frame_coder.o
 .debug_macro   0x00012f5a      0x132 Comunications/frame_coder.o
 .debug_macro   0x0001308c      0x264 Comunications/frame_coder.o
 .debug_macro   0x000132f0       0x2e Comunications/frame_coder.o
 .debug_macro   0x0001331e      0x11a Comunications/frame_coder.o
 .debug_macro   0x00013438       0x85 Comunications/frame_coder.o
 .debug_macro   0x000134bd       0x89 Comunications/frame_coder.o
 .debug_macro   0x00013546      0x31a Comunications/frame_coder.o
 .debug_macro   0x00013860      0x405 Comunications/frame_coder.o
 .debug_macro   0x00013c65       0xe4 Comunications/frame_coder.o
 .debug_macro   0x00013d49      0x295 Comunications/frame_coder.o
 .debug_macro   0x00013fde      0x126 Comunications/frame_coder.o
 .debug_macro   0x00014104      0x1dd Core/Src/main.o
 .debug_macro   0x000142e1      0x1dd Core/Src/stm32f4xx_hal_msp.o
 .debug_macro   0x000144be      0x1f1 Core/Src/stm32f4xx_it.o
 .debug_macro   0x000146af      0x243 Core/Src/syscalls.o
 .debug_macro   0x000148f2       0x58 Core/Src/syscalls.o
 .debug_macro   0x0001494a       0x18 Core/Src/syscalls.o
 .debug_macro   0x00014962       0x94 Core/Src/syscalls.o
 .debug_macro   0x000149f6       0x35 Core/Src/syscalls.o
 .debug_macro   0x00014a2b       0x34 Core/Src/syscalls.o
 .debug_macro   0x00014a5f       0x57 Core/Src/syscalls.o
 .debug_macro   0x00014ab6      0x330 Core/Src/syscalls.o
 .debug_macro   0x00014de6       0x58 Core/Src/syscalls.o
 .debug_macro   0x00014e3e       0x1f Core/Src/syscalls.o
 .debug_macro   0x00014e5d       0x43 Core/Src/syscalls.o
 .debug_macro   0x00014ea0       0x20 Core/Src/syscalls.o
 .debug_macro   0x00014ec0      0x18e Core/Src/syscalls.o
 .debug_macro   0x0001504e       0x10 Core/Src/syscalls.o
 .debug_macro   0x0001505e       0x35 Core/Src/syscalls.o
 .debug_macro   0x00015093       0x10 Core/Src/syscalls.o
 .debug_macro   0x000150a3       0x10 Core/Src/syscalls.o
 .debug_macro   0x000150b3       0x10 Core/Src/syscalls.o
 .debug_macro   0x000150c3       0x1c Core/Src/syscalls.o
 .debug_macro   0x000150df       0x52 Core/Src/syscalls.o
 .debug_macro   0x00015131       0x40 Core/Src/syscalls.o
 .debug_macro   0x00015171       0x10 Core/Src/syscalls.o
 .debug_macro   0x00015181       0x40 Core/Src/syscalls.o
 .debug_macro   0x000151c1       0xd7 Core/Src/syscalls.o
 .debug_macro   0x00015298       0x1c Core/Src/syscalls.o
 .debug_macro   0x000152b4       0x3d Core/Src/syscalls.o
 .debug_macro   0x000152f1       0x35 Core/Src/syscalls.o
 .debug_macro   0x00015326      0x122 Core/Src/syscalls.o
 .debug_macro   0x00015448       0x16 Core/Src/syscalls.o
 .debug_macro   0x0001545e       0x16 Core/Src/syscalls.o
 .debug_macro   0x00015474       0x29 Core/Src/syscalls.o
 .debug_macro   0x0001549d       0x10 Core/Src/syscalls.o
 .debug_macro   0x000154ad      0x241 Core/Src/syscalls.o
 .debug_macro   0x000156ee       0x1c Core/Src/syscalls.o
 .debug_macro   0x0001570a       0x10 Core/Src/syscalls.o
 .debug_macro   0x0001571a       0x10 Core/Src/syscalls.o
 .debug_macro   0x0001572a       0x16 Core/Src/syscalls.o
 .debug_macro   0x00015740      0x16f Core/Src/syscalls.o
 .debug_macro   0x000158af      0x189 Core/Src/syscalls.o
 .debug_macro   0x00015a38       0x16 Core/Src/syscalls.o
 .debug_macro   0x00015a4e       0x88 Core/Src/syscalls.o
 .debug_macro   0x00015ad6      0x1d3 Core/Src/system_stm32f4xx.o
 .debug_macro   0x00015ca9      0x368 DFPlayer/DFPlayer.o
 .debug_macro   0x00016011       0x5e DFPlayer/DFPlayer.o
 .debug_macro   0x0001606f       0x16 DFPlayer/DFPlayer.o
 .debug_macro   0x00016085      0x32a DFPlayer/DFPlayer.o
 .debug_macro   0x000163af       0x16 DFPlayer/DFPlayer.o
 .debug_macro   0x000163c5      0x233 Drivers/STM32F4xx_HAL_Driver/Src/stm32f4xx_hal.o
 .debug_macro   0x000165f8      0x1d3 Drivers/STM32F4xx_HAL_Driver/Src/stm32f4xx_hal_cortex.o
 .debug_macro   0x000167cb      0x1d9 Drivers/STM32F4xx_HAL_Driver/Src/stm32f4xx_hal_dma.o
 .debug_macro   0x000169a4      0x1d9 Drivers/STM32F4xx_HAL_Driver/Src/stm32f4xx_hal_gpio.o
 .debug_macro   0x00016b7d      0x1f7 Drivers/STM32F4xx_HAL_Driver/Src/stm32f4xx_hal_rcc.o
 .debug_macro   0x00016d74      0x1d3 Drivers/STM32F4xx_HAL_Driver/Src/stm32f4xx_hal_rcc_ex.o
 .debug_macro   0x00016f47      0x1d4 Drivers/STM32F4xx_HAL_Driver/Src/stm32f4xx_hal_rtc.o
 .debug_macro   0x0001711b      0x1d4 Drivers/STM32F4xx_HAL_Driver/Src/stm32f4xx_hal_uart.o

.debug_line     0x00000000     0x9501
 .debug_line    0x00000000      0x7cb Comunications/frame_coder.o
 .debug_line    0x000007cb      0x817 Core/Src/main.o
 .debug_line    0x00000fe2      0x77f Core/Src/stm32f4xx_hal_msp.o
 .debug_line    0x00001761      0x7de Core/Src/stm32f4xx_it.o
 .debug_line    0x00001f3f      0x5d6 Core/Src/syscalls.o
 .debug_line    0x00002515      0x71a Core/Src/system_stm32f4xx.o
 .debug_line    0x00002c2f      0xab2 DFPlayer/DFPlayer.o
 .debug_line    0x000036e1      0x8f8 Drivers/STM32F4xx_HAL_Driver/Src/stm32f4xx_hal.o
 .debug_line    0x00003fd9      0x94a Drivers/STM32F4xx_HAL_Driver/Src/stm32f4xx_hal_cortex.o
 .debug_line    0x00004923      0xa20 Drivers/STM32F4xx_HAL_Driver/Src/stm32f4xx_hal_dma.o
 .debug_line    0x00005343      0x858 Drivers/STM32F4xx_HAL_Driver/Src/stm32f4xx_hal_gpio.o
 .debug_line    0x00005b9b      0x986 Drivers/STM32F4xx_HAL_Driver/Src/stm32f4xx_hal_rcc.o
 .debug_line    0x00006521      0x82a Drivers/STM32F4xx_HAL_Driver/Src/stm32f4xx_hal_rcc_ex.o
 .debug_line    0x00006d4b      0xb15 Drivers/STM32F4xx_HAL_Driver/Src/stm32f4xx_hal_rtc.o
 .debug_line    0x00007860     0x1c20 Drivers/STM32F4xx_HAL_Driver/Src/stm32f4xx_hal_uart.o
 .debug_line    0x00009480       0x81 startup/startup_stm32f411xe.o

.debug_str      0x00000000    0x8c729
 .debug_str     0x00000000    0x84f20 Comunications/frame_coder.o
                              0x85211 (size before relaxing)
 .debug_str     0x00084f20      0x701 Core/Src/main.o
                              0x858cc (size before relaxing)
 .debug_str     0x00085621      0x4c0 Core/Src/stm32f4xx_hal_msp.o
                              0x858ca (size before relaxing)
 .debug_str     0x00085ae1       0xfc Core/Src/stm32f4xx_it.o
                              0x85232 (size before relaxing)
 .debug_str     0x00085bdd     0x4fa9 Core/Src/syscalls.o
                               0x85a7 (size before relaxing)
 .debug_str     0x0008ab86       0xaf Core/Src/system_stm32f4xx.o
                              0x84e8e (size before relaxing)
 .debug_str     0x0008ac35      0x224 DFPlayer/DFPlayer.o
                              0x8915a (size before relaxing)
 .debug_str     0x0008ae59      0x599 Drivers/STM32F4xx_HAL_Driver/Src/stm32f4xx_hal.o
                              0x8585d (size before relaxing)
 .debug_str     0x0008b3f2      0x32d Drivers/STM32F4xx_HAL_Driver/Src/stm32f4xx_hal_cortex.o
                              0x855f5 (size before relaxing)
 .debug_str     0x0008b71f      0x322 Drivers/STM32F4xx_HAL_Driver/Src/stm32f4xx_hal_dma.o
                              0x852b2 (size before relaxing)
 .debug_str     0x0008ba41      0x15d Drivers/STM32F4xx_HAL_Driver/Src/stm32f4xx_hal_gpio.o
                              0x85035 (size before relaxing)
 .debug_str     0x0008bb9e      0x233 Drivers/STM32F4xx_HAL_Driver/Src/stm32f4xx_hal_rcc.o
                              0x852b7 (size before relaxing)
 .debug_str     0x0008bdd1      0x111 Drivers/STM32F4xx_HAL_Driver/Src/stm32f4xx_hal_rcc_ex.o
                              0x85027 (size before relaxing)
 .debug_str     0x0008bee2      0x268 Drivers/STM32F4xx_HAL_Driver/Src/stm32f4xx_hal_rtc.o
                              0x852ef (size before relaxing)
 .debug_str     0x0008c14a      0x5b0 Drivers/STM32F4xx_HAL_Driver/Src/stm32f4xx_hal_uart.o
                              0x8587b (size before relaxing)
 .debug_str     0x0008c6fa       0x2f startup/startup_stm32f411xe.o
                                 0x67 (size before relaxing)

.comment        0x00000000       0x7f
 .comment       0x00000000       0x7f Comunications/frame_coder.o
                                 0x80 (size before relaxing)
 .comment       0x0000007f       0x80 Core/Src/main.o
 .comment       0x0000007f       0x80 Core/Src/stm32f4xx_hal_msp.o
 .comment       0x0000007f       0x80 Core/Src/stm32f4xx_it.o
 .comment       0x0000007f       0x80 Core/Src/syscalls.o
 .comment       0x0000007f       0x80 Core/Src/system_stm32f4xx.o
 .comment       0x0000007f       0x80 DFPlayer/DFPlayer.o
 .comment       0x0000007f       0x80 Drivers/STM32F4xx_HAL_Driver/Src/stm32f4xx_hal.o
 .comment       0x0000007f       0x80 Drivers/STM32F4xx_HAL_Driver/Src/stm32f4xx_hal_cortex.o
 .comment       0x0000007f       0x80 Drivers/STM32F4xx_HAL_Driver/Src/stm32f4xx_hal_dma.o
 .comment       0x0000007f       0x80 Drivers/STM32F4xx_HAL_Driver/Src/stm32f4xx_hal_gpio.o
 .comment       0x0000007f       0x80 Drivers/STM32F4xx_HAL_Driver/Src/stm32f4xx_hal_rcc.o
 .comment       0x0000007f       0x80 Drivers/STM32F4xx_HAL_Driver/Src/stm32f4xx_hal_rcc_ex.o
 .comment       0x0000007f       0x80 Drivers/STM32F4xx_HAL_Driver/Src/stm32f4xx_hal_rtc.o
 .comment       0x0000007f       0x80 Drivers/STM32F4xx_HAL_Driver/Src/stm32f4xx_hal_uart.o

.debug_frame    0x00000000     0x1be8
 .debug_frame   0x00000000       0xd4 Comunications/frame_coder.o
 .debug_frame   0x000000d4       0xf8 Core/Src/main.o
 .debug_frame   0x000001cc       0x88 Core/Src/stm32f4xx_hal_msp.o
 .debug_frame   0x00000254       0xa8 Core/Src/stm32f4xx_it.o
 .debug_frame   0x000002fc      0x1a8 Core/Src/syscalls.o
 .debug_frame   0x000004a4       0x30 Core/Src/system_stm32f4xx.o
 .debug_frame   0x000004d4      0x320 DFPlayer/DFPlayer.o
 .debug_frame   0x000007f4      0x1ec Drivers/STM32F4xx_HAL_Driver/Src/stm32f4xx_hal.o
 .debug_frame   0x000009e0      0x15c Drivers/STM32F4xx_HAL_Driver/Src/stm32f4xx_hal_cortex.o
 .debug_frame   0x00000b3c      0x188 Drivers/STM32F4xx_HAL_Driver/Src/stm32f4xx_hal_dma.o
 .debug_frame   0x00000cc4       0xd8 Drivers/STM32F4xx_HAL_Driver/Src/stm32f4xx_hal_gpio.o
 .debug_frame   0x00000d9c      0x184 Drivers/STM32F4xx_HAL_Driver/Src/stm32f4xx_hal_rcc.o
 .debug_frame   0x00000f20       0xb4 Drivers/STM32F4xx_HAL_Driver/Src/stm32f4xx_hal_rcc_ex.o
 .debug_frame   0x00000fd4      0x25c Drivers/STM32F4xx_HAL_Driver/Src/stm32f4xx_hal_rtc.o
 .debug_frame   0x00001230      0x5c8 Drivers/STM32F4xx_HAL_Driver/Src/stm32f4xx_hal_uart.o
 .debug_frame   0x000017f8       0x2c c:/ac6/systemworkbench/plugins/fr.ac6.mcu.externaltools.arm-none.win32_1.17.0.201812190825/tools/compiler/bin/../lib/gcc/arm-none-eabi/7.3.1/thumb/v7e-m/fpv4-sp/hard\libgcc.a(_aeabi_uldivmod.o)
 .debug_frame   0x00001824       0x34 c:/ac6/systemworkbench/plugins/fr.ac6.mcu.externaltools.arm-none.win32_1.17.0.201812190825/tools/compiler/bin/../lib/gcc/arm-none-eabi/7.3.1/thumb/v7e-m/fpv4-sp/hard\libgcc.a(_udivmoddi4.o)
 .debug_frame   0x00001858       0x20 c:/ac6/systemworkbench/plugins/fr.ac6.mcu.externaltools.arm-none.win32_1.17.0.201812190825/tools/compiler/bin/../lib/gcc/arm-none-eabi/7.3.1/../../../../arm-none-eabi/lib/thumb/v7e-m/fpv4-sp/hard\libc_nano.a(lib_a-errno.o)
 .debug_frame   0x00001878       0x2c c:/ac6/systemworkbench/plugins/fr.ac6.mcu.externaltools.arm-none.win32_1.17.0.201812190825/tools/compiler/bin/../lib/gcc/arm-none-eabi/7.3.1/../../../../arm-none-eabi/lib/thumb/v7e-m/fpv4-sp/hard\libc_nano.a(lib_a-init.o)
 .debug_frame   0x000018a4       0x28 c:/ac6/systemworkbench/plugins/fr.ac6.mcu.externaltools.arm-none.win32_1.17.0.201812190825/tools/compiler/bin/../lib/gcc/arm-none-eabi/7.3.1/../../../../arm-none-eabi/lib/thumb/v7e-m/fpv4-sp/hard\libc_nano.a(lib_a-memcpy-stub.o)
 .debug_frame   0x000018cc       0x20 c:/ac6/systemworkbench/plugins/fr.ac6.mcu.externaltools.arm-none.win32_1.17.0.201812190825/tools/compiler/bin/../lib/gcc/arm-none-eabi/7.3.1/../../../../arm-none-eabi/lib/thumb/v7e-m/fpv4-sp/hard\libc_nano.a(lib_a-memset.o)
 .debug_frame   0x000018ec       0x6c c:/ac6/systemworkbench/plugins/fr.ac6.mcu.externaltools.arm-none.win32_1.17.0.201812190825/tools/compiler/bin/../lib/gcc/arm-none-eabi/7.3.1/../../../../arm-none-eabi/lib/thumb/v7e-m/fpv4-sp/hard\libc_nano.a(lib_a-sprintf.o)
 .debug_frame   0x00001958       0x90 c:/ac6/systemworkbench/plugins/fr.ac6.mcu.externaltools.arm-none.win32_1.17.0.201812190825/tools/compiler/bin/../lib/gcc/arm-none-eabi/7.3.1/../../../../arm-none-eabi/lib/thumb/v7e-m/fpv4-sp/hard\libc_nano.a(lib_a-nano-svfprintf.o)
 .debug_frame   0x000019e8       0x60 c:/ac6/systemworkbench/plugins/fr.ac6.mcu.externaltools.arm-none.win32_1.17.0.201812190825/tools/compiler/bin/../lib/gcc/arm-none-eabi/7.3.1/../../../../arm-none-eabi/lib/thumb/v7e-m/fpv4-sp/hard\libc_nano.a(lib_a-nano-vfprintf_i.o)
 .debug_frame   0x00001a48       0x28 c:/ac6/systemworkbench/plugins/fr.ac6.mcu.externaltools.arm-none.win32_1.17.0.201812190825/tools/compiler/bin/../lib/gcc/arm-none-eabi/7.3.1/../../../../arm-none-eabi/lib/thumb/v7e-m/fpv4-sp/hard\libc_nano.a(lib_a-memmove.o)
 .debug_frame   0x00001a70       0x38 c:/ac6/systemworkbench/plugins/fr.ac6.mcu.externaltools.arm-none.win32_1.17.0.201812190825/tools/compiler/bin/../lib/gcc/arm-none-eabi/7.3.1/../../../../arm-none-eabi/lib/thumb/v7e-m/fpv4-sp/hard\libc_nano.a(lib_a-nano-freer.o)
 .debug_frame   0x00001aa8       0x2c c:/ac6/systemworkbench/plugins/fr.ac6.mcu.externaltools.arm-none.win32_1.17.0.201812190825/tools/compiler/bin/../lib/gcc/arm-none-eabi/7.3.1/../../../../arm-none-eabi/lib/thumb/v7e-m/fpv4-sp/hard\libc_nano.a(lib_a-nano-mallocr.o)
 .debug_frame   0x00001ad4       0x3c c:/ac6/systemworkbench/plugins/fr.ac6.mcu.externaltools.arm-none.win32_1.17.0.201812190825/tools/compiler/bin/../lib/gcc/arm-none-eabi/7.3.1/../../../../arm-none-eabi/lib/thumb/v7e-m/fpv4-sp/hard\libc_nano.a(lib_a-nano-reallocr.o)
 .debug_frame   0x00001b10       0x2c c:/ac6/systemworkbench/plugins/fr.ac6.mcu.externaltools.arm-none.win32_1.17.0.201812190825/tools/compiler/bin/../lib/gcc/arm-none-eabi/7.3.1/../../../../arm-none-eabi/lib/thumb/v7e-m/fpv4-sp/hard\libc_nano.a(lib_a-sbrkr.o)
 .debug_frame   0x00001b3c       0x30 c:/ac6/systemworkbench/plugins/fr.ac6.mcu.externaltools.arm-none.win32_1.17.0.201812190825/tools/compiler/bin/../lib/gcc/arm-none-eabi/7.3.1/../../../../arm-none-eabi/lib/thumb/v7e-m/fpv4-sp/hard\libc_nano.a(lib_a-mlock.o)
 .debug_frame   0x00001b6c       0x20 c:/ac6/systemworkbench/plugins/fr.ac6.mcu.externaltools.arm-none.win32_1.17.0.201812190825/tools/compiler/bin/../lib/gcc/arm-none-eabi/7.3.1/../../../../arm-none-eabi/lib/thumb/v7e-m/fpv4-sp/hard\libc_nano.a(lib_a-nano-msizer.o)
 .debug_frame   0x00001b8c       0x5c c:/ac6/systemworkbench/plugins/fr.ac6.mcu.externaltools.arm-none.win32_1.17.0.201812190825/tools/compiler/bin/../lib/gcc/arm-none-eabi/7.3.1/../../../../arm-none-eabi/lib/thumb/v7e-m/fpv4-sp/hard\libc_nano.a(lib_a-reent.o)
